<cf font="Verdana" size="8" complexscriptssize="8" asiantextfont="Verdana" bold="on"> Page </cf><field/><cf font="Verdana" size="8" complexscriptssize="8" asiantextfont="Verdana" bold="on"> of </cf><field/> 
